--- -d ---
-.
+.
--- -ld ---
Binary files /tmp/tmp.izNxyDpes9 and /tmp/tmp.l3gJmTb335 differ

--- -Rd ---
 .
+includes
+libft
+includes
+obj
+src
+srcs
+converter
+parser
+printer
+sorter
+utils
+test
+bla
--- -lRd ---
Binary files /tmp/tmp.RjGNmcmruo and /tmp/tmp.Zu0Leqjtaa differ

--- -ad ---
-.
+.
--- -lad ---
Binary files /tmp/tmp.7ZSCx1D9lM and /tmp/tmp.RWqQsnUw5s differ

--- -Rad ---
 .
+.git
+branches
+hooks
+info
+logs
+refs
+heads
+remotes
+origin
+objects
+00
+01
+02
+03
+04
+05
+06
+07
+08
+09
+0a
+0b
+0c
+0d
+0e
+0f
+10
+11
+12
+13
+14
+15
+16
+17
+18
+19
+1a
+1b
+1c
+1d
+1e
+1f
+20
+21
+22
+23
+24
+25
+26
+27
+28
+29
+2a
+2b
+2c
+2d
+2e
+2f
+30
+31
+32
+33
+34
+35
+36
+37
+38
+39
+3a
+3b
+3c
+3d
+3e
+3f
+40
+41
+42
+43
+44
+45
+46
+47
+48
+49
+4a
+4b
+4c
+4d
+4e
+4f
+50
+51
+52
+53
+54
+55
+56
+57
+58
+59
+5a
+5b
+5c
+5d
+5e
+5f
+60
+61
+62
+63
+64
+65
+66
+67
+68
+69
+6a
+6b
+6c
+6d
+6e
+6f
+70
+71
+72
+73
+74
+75
+76
+77
+78
+79
+7a
+7b
+7c
+7d
+7e
+7f
+80
+81
+82
+83
+84
+85
+86
+87
+88
+89
+8a
+8b
+8c
+8d
+8e
+8f
+90
+91
+92
+93
+94
+95
+96
+97
+98
+99
+9b
+9c
+9d
+9e
+9f
+a0
+a1
+a2
+a3
+a4
+a5
+a6
+a7
+a8
+a9
+aa
+ab
+ac
+ad
+ae
+af
+b0
+b1
+b2
+b3
+b4
+b5
+b6
+b7
+b8
+b9
+ba
+bb
+bc
+bd
+be
+bf
+c0
+c1
+c2
+c3
+c4
+c5
+c6
+c7
+c8
+c9
+ca
+cb
+cc
+cd
+ce
+cf
+d0
+d1
+d2
+d3
+d4
+d5
+d6
+d7
+d8
+d9
+da
+db
+dc
+dd
+de
+df
+e0
+e1
+e2
+e3
+e4
+e5
+e6
+e7
+e8
+e9
+ea
+eb
+ec
+ed
+ee
+ef
+f0
+f1
+f2
+f3
+f4
+f5
+f6
+f7
+f8
+f9
+fa
+fb
+fc
+fd
+fe
+ff
+info
+pack
+refs
+heads
+remotes
+origin
+tags
+.obj
+converter
+parser
+printer
+sorter
+utils
+.vscode
+includes
+libft
+includes
+obj
+src
+srcs
+converter
+parser
+printer
+sorter
+utils
+test
+bla
--- -lRad ---
Binary files /tmp/tmp.XRSxkEahsr and /tmp/tmp.OTtRGvMvmB differ

--- -rd ---
-.
+.
--- -lrd ---
Binary files /tmp/tmp.Wb4x8rNihO and /tmp/tmp.I2AWksgQk0 differ

--- -Rrd ---
 .
+test
+bla
+srcs
+utils
+sorter
+printer
+parser
+converter
+libft
+src
+obj
+includes
+includes
--- -lRrd ---
Binary files /tmp/tmp.mnlrTeADK0 and /tmp/tmp.fCfDrNKUaQ differ

--- -ard ---
-.
+.
--- -lard ---
Binary files /tmp/tmp.UewMsdek7e and /tmp/tmp.du3aswjBKr differ

--- -Rard ---
 .
+test
+bla
+srcs
+utils
+sorter
+printer
+parser
+converter
+libft
+src
+obj
+includes
+includes
+.vscode
+.obj
+utils
+sorter
+printer
+parser
+converter
+.git
+refs
+tags
+remotes
+origin
+heads
+objects
+pack
+info
+ff
+fe
+fd
+fc
+fb
+fa
+f9
+f8
+f7
+f6
+f5
+f4
+f3
+f2
+f1
+f0
+ef
+ee
+ed
+ec
+eb
+ea
+e9
+e8
+e7
+e6
+e5
+e4
+e3
+e2
+e1
+e0
+df
+de
+dd
+dc
+db
+da
+d9
+d8
+d7
+d6
+d5
+d4
+d3
+d2
+d1
+d0
+cf
+ce
+cd
+cc
+cb
+ca
+c9
+c8
+c7
+c6
+c5
+c4
+c3
+c2
+c1
+c0
+bf
+be
+bd
+bc
+bb
+ba
+b9
+b8
+b7
+b6
+b5
+b4
+b3
+b2
+b1
+b0
+af
+ae
+ad
+ac
+ab
+aa
+a9
+a8
+a7
+a6
+a5
+a4
+a3
+a2
+a1
+a0
+9f
+9e
+9d
+9c
+9b
+99
+98
+97
+96
+95
+94
+93
+92
+91
+90
+8f
+8e
+8d
+8c
+8b
+8a
+89
+88
+87
+86
+85
+84
+83
+82
+81
+80
+7f
+7e
+7d
+7c
+7b
+7a
+79
+78
+77
+76
+75
+74
+73
+72
+71
+70
+6f
+6e
+6d
+6c
+6b
+6a
+69
+68
+67
+66
+65
+64
+63
+62
+61
+60
+5f
+5e
+5d
+5c
+5b
+5a
+59
+58
+57
+56
+55
+54
+53
+52
+51
+50
+4f
+4e
+4d
+4c
+4b
+4a
+49
+48
+47
+46
+45
+44
+43
+42
+41
+40
+3f
+3e
+3d
+3c
+3b
+3a
+39
+38
+37
+36
+35
+34
+33
+32
+31
+30
+2f
+2e
+2d
+2c
+2b
+2a
+29
+28
+27
+26
+25
+24
+23
+22
+21
+20
+1f
+1e
+1d
+1c
+1b
+1a
+19
+18
+17
+16
+15
+14
+13
+12
+11
+10
+0f
+0e
+0d
+0c
+0b
+0a
+09
+08
+07
+06
+05
+04
+03
+02
+01
+00
+logs
+refs
+remotes
+origin
+heads
+info
+hooks
+branches
--- -lRard ---
Binary files /tmp/tmp.Ekg4R1cocX and /tmp/tmp.PTd8uysD12 differ

--- -fd ---
-.
+.
--- -lfd ---
-.
+.
--- -Rfd ---
 .
+.vscode
+test
+bla
+libft
+src
+obj
+includes
+.git
+branches
+objects
+25
+c1
+e2
+30
+c6
+cf
+cc
+82
+35
+97
+01
+ed
+fd
+9c
+75
+eb
+ba
+d2
+5a
+07
+f7
+8d
+8b
+43
+dc
+17
+85
+2f
+61
+38
+68
+b4
+b1
+6c
+a1
+ee
+2c
+ca
+36
+e9
+89
+b5
+0d
+84
+62
+6e
+0a
+12
+09
+0e
+de
+92
+48
+ae
+d1
+2b
+76
+1f
+f3
+4d
+58
+5f
+40
+a3
+54
+93
+0f
+8a
+ac
+6a
+2d
+fc
+8c
+d4
+83
+3a
+d5
+22
+ad
+8e
+e3
+e4
+e0
+95
+f8
+c8
+c9
+41
+ce
+90
+1a
+9f
+9b
+50
+29
+5c
+ea
+3d
+e6
+b9
+b3
+b7
+72
+69
+81
+c7
+7d
+06
+db
+b0
+23
+02
+31
+42
+1d
+24
+03
+be
+c3
+7b
+87
+79
+73
+67
+78
+aa
+88
+57
+9d
+16
+e1
+3e
+64
+5b
+d7
+bc
+3f
+33
+info
+ef
+8f
+15
+47
+d0
+a4
+9e
+fa
+pack
+34
+c5
+da
+af
+60
+20
+98
+45
+a0
+21
+59
+80
+e7
+f2
+f5
+c2
+6f
+74
+5d
+86
+66
+55
+a8
+7a
+ec
+b6
+4c
+13
+56
+28
+bf
+1c
+7c
+04
+11
+b2
+91
+4a
+c0
+1e
+18
+f0
+44
+0b
+77
+7e
+a2
+14
+3c
+3b
+cd
+2e
+e5
+f4
+37
+d9
+08
+49
+52
+71
+51
+d8
+26
+39
+a7
+4e
+c4
+53
+ab
+d3
+f6
+ff
+7f
+96
+a9
+fb
+99
+94
+6d
+63
+fe
+00
+1b
+d6
+32
+4b
+bd
+6b
+19
+46
+a6
+70
+f9
+cb
+5e
+dd
+a5
+27
+b8
+4f
+2a
+65
+10
+f1
+05
+df
+0c
+bb
+e8
+refs
+tags
+heads
+remotes
+origin
+info
+logs
+refs
+heads
+remotes
+origin
+hooks
+.obj
+sorter
+converter
+printer
+parser
+utils
+includes
+srcs
+sorter
+converter
+printer
+parser
+utils
--- -lRfd ---
 .
+.vscode
+test
+bla
+libft
+src
+obj
+includes
+.git
+branches
+objects
+25
+c1
+e2
+30
+c6
+cf
+cc
+82
+35
+97
+01
+ed
+fd
+9c
+75
+eb
+ba
+d2
+5a
+07
+f7
+8d
+8b
+43
+dc
+17
+85
+2f
+61
+38
+68
+b4
+b1
+6c
+a1
+ee
+2c
+ca
+36
+e9
+89
+b5
+0d
+84
+62
+6e
+0a
+12
+09
+0e
+de
+92
+48
+ae
+d1
+2b
+76
+1f
+f3
+4d
+58
+5f
+40
+a3
+54
+93
+0f
+8a
+ac
+6a
+2d
+fc
+8c
+d4
+83
+3a
+d5
+22
+ad
+8e
+e3
+e4
+e0
+95
+f8
+c8
+c9
+41
+ce
+90
+1a
+9f
+9b
+50
+29
+5c
+ea
+3d
+e6
+b9
+b3
+b7
+72
+69
+81
+c7
+7d
+06
+db
+b0
+23
+02
+31
+42
+1d
+24
+03
+be
+c3
+7b
+87
+79
+73
+67
+78
+aa
+88
+57
+9d
+16
+e1
+3e
+64
+5b
+d7
+bc
+3f
+33
+info
+ef
+8f
+15
+47
+d0
+a4
+9e
+fa
+pack
+34
+c5
+da
+af
+60
+20
+98
+45
+a0
+21
+59
+80
+e7
+f2
+f5
+c2
+6f
+74
+5d
+86
+66
+55
+a8
+7a
+ec
+b6
+4c
+13
+56
+28
+bf
+1c
+7c
+04
+11
+b2
+91
+4a
+c0
+1e
+18
+f0
+44
+0b
+77
+7e
+a2
+14
+3c
+3b
+cd
+2e
+e5
+f4
+37
+d9
+08
+49
+52
+71
+51
+d8
+26
+39
+a7
+4e
+c4
+53
+ab
+d3
+f6
+ff
+7f
+96
+a9
+fb
+99
+94
+6d
+63
+fe
+00
+1b
+d6
+32
+4b
+bd
+6b
+19
+46
+a6
+70
+f9
+cb
+5e
+dd
+a5
+27
+b8
+4f
+2a
+65
+10
+f1
+05
+df
+0c
+bb
+e8
+refs
+tags
+heads
+remotes
+origin
+info
+logs
+refs
+heads
+remotes
+origin
+hooks
+.obj
+sorter
+converter
+printer
+parser
+utils
+includes
+srcs
+sorter
+converter
+printer
+parser
+utils
--- -afd ---
-.
+.
--- -lafd ---
-.
+.
--- -Rafd ---
 .
+.vscode
+test
+bla
+libft
+src
+obj
+includes
+.git
+branches
+objects
+25
+c1
+e2
+30
+c6
+cf
+cc
+82
+35
+97
+01
+ed
+fd
+9c
+75
+eb
+ba
+d2
+5a
+07
+f7
+8d
+8b
+43
+dc
+17
+85
+2f
+61
+38
+68
+b4
+b1
+6c
+a1
+ee
+2c
+ca
+36
+e9
+89
+b5
+0d
+84
+62
+6e
+0a
+12
+09
+0e
+de
+92
+48
+ae
+d1
+2b
+76
+1f
+f3
+4d
+58
+5f
+40
+a3
+54
+93
+0f
+8a
+ac
+6a
+2d
+fc
+8c
+d4
+83
+3a
+d5
+22
+ad
+8e
+e3
+e4
+e0
+95
+f8
+c8
+c9
+41
+ce
+90
+1a
+9f
+9b
+50
+29
+5c
+ea
+3d
+e6
+b9
+b3
+b7
+72
+69
+81
+c7
+7d
+06
+db
+b0
+23
+02
+31
+42
+1d
+24
+03
+be
+c3
+7b
+87
+79
+73
+67
+78
+aa
+88
+57
+9d
+16
+e1
+3e
+64
+5b
+d7
+bc
+3f
+33
+info
+ef
+8f
+15
+47
+d0
+a4
+9e
+fa
+pack
+34
+c5
+da
+af
+60
+20
+98
+45
+a0
+21
+59
+80
+e7
+f2
+f5
+c2
+6f
+74
+5d
+86
+66
+55
+a8
+7a
+ec
+b6
+4c
+13
+56
+28
+bf
+1c
+7c
+04
+11
+b2
+91
+4a
+c0
+1e
+18
+f0
+44
+0b
+77
+7e
+a2
+14
+3c
+3b
+cd
+2e
+e5
+f4
+37
+d9
+08
+49
+52
+71
+51
+d8
+26
+39
+a7
+4e
+c4
+53
+ab
+d3
+f6
+ff
+7f
+96
+a9
+fb
+99
+94
+6d
+63
+fe
+00
+1b
+d6
+32
+4b
+bd
+6b
+19
+46
+a6
+70
+f9
+cb
+5e
+dd
+a5
+27
+b8
+4f
+2a
+65
+10
+f1
+05
+df
+0c
+bb
+e8
+refs
+tags
+heads
+remotes
+origin
+info
+logs
+refs
+heads
+remotes
+origin
+hooks
+.obj
+sorter
+converter
+printer
+parser
+utils
+includes
+srcs
+sorter
+converter
+printer
+parser
+utils
--- -lRafd ---
 .
+.vscode
+test
+bla
+libft
+src
+obj
+includes
+.git
+branches
+objects
+25
+c1
+e2
+30
+c6
+cf
+cc
+82
+35
+97
+01
+ed
+fd
+9c
+75
+eb
+ba
+d2
+5a
+07
+f7
+8d
+8b
+43
+dc
+17
+85
+2f
+61
+38
+68
+b4
+b1
+6c
+a1
+ee
+2c
+ca
+36
+e9
+89
+b5
+0d
+84
+62
+6e
+0a
+12
+09
+0e
+de
+92
+48
+ae
+d1
+2b
+76
+1f
+f3
+4d
+58
+5f
+40
+a3
+54
+93
+0f
+8a
+ac
+6a
+2d
+fc
+8c
+d4
+83
+3a
+d5
+22
+ad
+8e
+e3
+e4
+e0
+95
+f8
+c8
+c9
+41
+ce
+90
+1a
+9f
+9b
+50
+29
+5c
+ea
+3d
+e6
+b9
+b3
+b7
+72
+69
+81
+c7
+7d
+06
+db
+b0
+23
+02
+31
+42
+1d
+24
+03
+be
+c3
+7b
+87
+79
+73
+67
+78
+aa
+88
+57
+9d
+16
+e1
+3e
+64
+5b
+d7
+bc
+3f
+33
+info
+ef
+8f
+15
+47
+d0
+a4
+9e
+fa
+pack
+34
+c5
+da
+af
+60
+20
+98
+45
+a0
+21
+59
+80
+e7
+f2
+f5
+c2
+6f
+74
+5d
+86
+66
+55
+a8
+7a
+ec
+b6
+4c
+13
+56
+28
+bf
+1c
+7c
+04
+11
+b2
+91
+4a
+c0
+1e
+18
+f0
+44
+0b
+77
+7e
+a2
+14
+3c
+3b
+cd
+2e
+e5
+f4
+37
+d9
+08
+49
+52
+71
+51
+d8
+26
+39
+a7
+4e
+c4
+53
+ab
+d3
+f6
+ff
+7f
+96
+a9
+fb
+99
+94
+6d
+63
+fe
+00
+1b
+d6
+32
+4b
+bd
+6b
+19
+46
+a6
+70
+f9
+cb
+5e
+dd
+a5
+27
+b8
+4f
+2a
+65
+10
+f1
+05
+df
+0c
+bb
+e8
+refs
+tags
+heads
+remotes
+origin
+info
+logs
+refs
+heads
+remotes
+origin
+hooks
+.obj
+sorter
+converter
+printer
+parser
+utils
+includes
+srcs
+sorter
+converter
+printer
+parser
+utils
--- -rfd ---
-.
+.
--- -lrfd ---
-.
+.
--- -Rrfd ---
 .
+.vscode
+test
+bla
+libft
+src
+obj
+includes
+.git
+branches
+objects
+25
+c1
+e2
+30
+c6
+cf
+cc
+82
+35
+97
+01
+ed
+fd
+9c
+75
+eb
+ba
+d2
+5a
+07
+f7
+8d
+8b
+43
+dc
+17
+85
+2f
+61
+38
+68
+b4
+b1
+6c
+a1
+ee
+2c
+ca
+36
+e9
+89
+b5
+0d
+84
+62
+6e
+0a
+12
+09
+0e
+de
+92
+48
+ae
+d1
+2b
+76
+1f
+f3
+4d
+58
+5f
+40
+a3
+54
+93
+0f
+8a
+ac
+6a
+2d
+fc
+8c
+d4
+83
+3a
+d5
+22
+ad
+8e
+e3
+e4
+e0
+95
+f8
+c8
+c9
+41
+ce
+90
+1a
+9f
+9b
+50
+29
+5c
+ea
+3d
+e6
+b9
+b3
+b7
+72
+69
+81
+c7
+7d
+06
+db
+b0
+23
+02
+31
+42
+1d
+24
+03
+be
+c3
+7b
+87
+79
+73
+67
+78
+aa
+88
+57
+9d
+16
+e1
+3e
+64
+5b
+d7
+bc
+3f
+33
+info
+ef
+8f
+15
+47
+d0
+a4
+9e
+fa
+pack
+34
+c5
+da
+af
+60
+20
+98
+45
+a0
+21
+59
+80
+e7
+f2
+f5
+c2
+6f
+74
+5d
+86
+66
+55
+a8
+7a
+ec
+b6
+4c
+13
+56
+28
+bf
+1c
+7c
+04
+11
+b2
+91
+4a
+c0
+1e
+18
+f0
+44
+0b
+77
+7e
+a2
+14
+3c
+3b
+cd
+2e
+e5
+f4
+37
+d9
+08
+49
+52
+71
+51
+d8
+26
+39
+a7
+4e
+c4
+53
+ab
+d3
+f6
+ff
+7f
+96
+a9
+fb
+99
+94
+6d
+63
+fe
+00
+1b
+d6
+32
+4b
+bd
+6b
+19
+46
+a6
+70
+f9
+cb
+5e
+dd
+a5
+27
+b8
+4f
+2a
+65
+10
+f1
+05
+df
+0c
+bb
+e8
+refs
+tags
+heads
+remotes
+origin
+info
+logs
+refs
+heads
+remotes
+origin
+hooks
+.obj
+sorter
+converter
+printer
+parser
+utils
+includes
+srcs
+sorter
+converter
+printer
+parser
+utils
--- -lRrfd ---
 .
+.vscode
+test
+bla
+libft
+src
+obj
+includes
+.git
+branches
+objects
+25
+c1
+e2
+30
+c6
+cf
+cc
+82
+35
+97
+01
+ed
+fd
+9c
+75
+eb
+ba
+d2
+5a
+07
+f7
+8d
+8b
+43
+dc
+17
+85
+2f
+61
+38
+68
+b4
+b1
+6c
+a1
+ee
+2c
+ca
+36
+e9
+89
+b5
+0d
+84
+62
+6e
+0a
+12
+09
+0e
+de
+92
+48
+ae
+d1
+2b
+76
+1f
+f3
+4d
+58
+5f
+40
+a3
+54
+93
+0f
+8a
+ac
+6a
+2d
+fc
+8c
+d4
+83
+3a
+d5
+22
+ad
+8e
+e3
+e4
+e0
+95
+f8
+c8
+c9
+41
+ce
+90
+1a
+9f
+9b
+50
+29
+5c
+ea
+3d
+e6
+b9
+b3
+b7
+72
+69
+81
+c7
+7d
+06
+db
+b0
+23
+02
+31
+42
+1d
+24
+03
+be
+c3
+7b
+87
+79
+73
+67
+78
+aa
+88
+57
+9d
+16
+e1
+3e
+64
+5b
+d7
+bc
+3f
+33
+info
+ef
+8f
+15
+47
+d0
+a4
+9e
+fa
+pack
+34
+c5
+da
+af
+60
+20
+98
+45
+a0
+21
+59
+80
+e7
+f2
+f5
+c2
+6f
+74
+5d
+86
+66
+55
+a8
+7a
+ec
+b6
+4c
+13
+56
+28
+bf
+1c
+7c
+04
+11
+b2
+91
+4a
+c0
+1e
+18
+f0
+44
+0b
+77
+7e
+a2
+14
+3c
+3b
+cd
+2e
+e5
+f4
+37
+d9
+08
+49
+52
+71
+51
+d8
+26
+39
+a7
+4e
+c4
+53
+ab
+d3
+f6
+ff
+7f
+96
+a9
+fb
+99
+94
+6d
+63
+fe
+00
+1b
+d6
+32
+4b
+bd
+6b
+19
+46
+a6
+70
+f9
+cb
+5e
+dd
+a5
+27
+b8
+4f
+2a
+65
+10
+f1
+05
+df
+0c
+bb
+e8
+refs
+tags
+heads
+remotes
+origin
+info
+logs
+refs
+heads
+remotes
+origin
+hooks
+.obj
+sorter
+converter
+printer
+parser
+utils
+includes
+srcs
+sorter
+converter
+printer
+parser
+utils
--- -arfd ---
-.
+.
--- -larfd ---
-.
+.
--- -Rarfd ---
 .
+.vscode
+test
+bla
+libft
+src
+obj
+includes
+.git
+branches
+objects
+25
+c1
+e2
+30
+c6
+cf
+cc
+82
+35
+97
+01
+ed
+fd
+9c
+75
+eb
+ba
+d2
+5a
+07
+f7
+8d
+8b
+43
+dc
+17
+85
+2f
+61
+38
+68
+b4
+b1
+6c
+a1
+ee
+2c
+ca
+36
+e9
+89
+b5
+0d
+84
+62
+6e
+0a
+12
+09
+0e
+de
+92
+48
+ae
+d1
+2b
+76
+1f
+f3
+4d
+58
+5f
+40
+a3
+54
+93
+0f
+8a
+ac
+6a
+2d
+fc
+8c
+d4
+83
+3a
+d5
+22
+ad
+8e
+e3
+e4
+e0
+95
+f8
+c8
+c9
+41
+ce
+90
+1a
+9f
+9b
+50
+29
+5c
+ea
+3d
+e6
+b9
+b3
+b7
+72
+69
+81
+c7
+7d
+06
+db
+b0
+23
+02
+31
+42
+1d
+24
+03
+be
+c3
+7b
+87
+79
+73
+67
+78
+aa
+88
+57
+9d
+16
+e1
+3e
+64
+5b
+d7
+bc
+3f
+33
+info
+ef
+8f
+15
+47
+d0
+a4
+9e
+fa
+pack
+34
+c5
+da
+af
+60
+20
+98
+45
+a0
+21
+59
+80
+e7
+f2
+f5
+c2
+6f
+74
+5d
+86
+66
+55
+a8
+7a
+ec
+b6
+4c
+13
+56
+28
+bf
+1c
+7c
+04
+11
+b2
+91
+4a
+c0
+1e
+18
+f0
+44
+0b
+77
+7e
+a2
+14
+3c
+3b
+cd
+2e
+e5
+f4
+37
+d9
+08
+49
+52
+71
+51
+d8
+26
+39
+a7
+4e
+c4
+53
+ab
+d3
+f6
+ff
+7f
+96
+a9
+fb
+99
+94
+6d
+63
+fe
+00
+1b
+d6
+32
+4b
+bd
+6b
+19
+46
+a6
+70
+f9
+cb
+5e
+dd
+a5
+27
+b8
+4f
+2a
+65
+10
+f1
+05
+df
+0c
+bb
+e8
+refs
+tags
+heads
+remotes
+origin
+info
+logs
+refs
+heads
+remotes
+origin
+hooks
+.obj
+sorter
+converter
+printer
+parser
+utils
+includes
+srcs
+sorter
+converter
+printer
+parser
+utils
--- -lRarfd ---
 .
+.vscode
+test
+bla
+libft
+src
+obj
+includes
+.git
+branches
+objects
+25
+c1
+e2
+30
+c6
+cf
+cc
+82
+35
+97
+01
+ed
+fd
+9c
+75
+eb
+ba
+d2
+5a
+07
+f7
+8d
+8b
+43
+dc
+17
+85
+2f
+61
+38
+68
+b4
+b1
+6c
+a1
+ee
+2c
+ca
+36
+e9
+89
+b5
+0d
+84
+62
+6e
+0a
+12
+09
+0e
+de
+92
+48
+ae
+d1
+2b
+76
+1f
+f3
+4d
+58
+5f
+40
+a3
+54
+93
+0f
+8a
+ac
+6a
+2d
+fc
+8c
+d4
+83
+3a
+d5
+22
+ad
+8e
+e3
+e4
+e0
+95
+f8
+c8
+c9
+41
+ce
+90
+1a
+9f
+9b
+50
+29
+5c
+ea
+3d
+e6
+b9
+b3
+b7
+72
+69
+81
+c7
+7d
+06
+db
+b0
+23
+02
+31
+42
+1d
+24
+03
+be
+c3
+7b
+87
+79
+73
+67
+78
+aa
+88
+57
+9d
+16
+e1
+3e
+64
+5b
+d7
+bc
+3f
+33
+info
+ef
+8f
+15
+47
+d0
+a4
+9e
+fa
+pack
+34
+c5
+da
+af
+60
+20
+98
+45
+a0
+21
+59
+80
+e7
+f2
+f5
+c2
+6f
+74
+5d
+86
+66
+55
+a8
+7a
+ec
+b6
+4c
+13
+56
+28
+bf
+1c
+7c
+04
+11
+b2
+91
+4a
+c0
+1e
+18
+f0
+44
+0b
+77
+7e
+a2
+14
+3c
+3b
+cd
+2e
+e5
+f4
+37
+d9
+08
+49
+52
+71
+51
+d8
+26
+39
+a7
+4e
+c4
+53
+ab
+d3
+f6
+ff
+7f
+96
+a9
+fb
+99
+94
+6d
+63
+fe
+00
+1b
+d6
+32
+4b
+bd
+6b
+19
+46
+a6
+70
+f9
+cb
+5e
+dd
+a5
+27
+b8
+4f
+2a
+65
+10
+f1
+05
+df
+0c
+bb
+e8
+refs
+tags
+heads
+remotes
+origin
+info
+logs
+refs
+heads
+remotes
+origin
+hooks
+.obj
+sorter
+converter
+printer
+parser
+utils
+includes
+srcs
+sorter
+converter
+printer
+parser
+utils
--- -gd ---
Binary files /tmp/tmp.cflcXJxvlJ and /tmp/tmp.PfC0pkoqZK differ

--- -lgd ---
Binary files /tmp/tmp.g39YogOzTv and /tmp/tmp.srPYqhJFPE differ

--- -Rgd ---
Binary files /tmp/tmp.c8xxsbmh8F and /tmp/tmp.gxR0swnCl9 differ

--- -lRgd ---
Binary files /tmp/tmp.Oy57Oyp6kJ and /tmp/tmp.7ZxYw9AnuT differ

--- -agd ---
Binary files /tmp/tmp.QvWlNmWIij and /tmp/tmp.8nKfTs0cQV differ

--- -lagd ---
Binary files /tmp/tmp.FxrKHeXWJJ and /tmp/tmp.R7GkZqL8cG differ

--- -Ragd ---
Binary files /tmp/tmp.FbqdCyWbRG and /tmp/tmp.ykXdwZlHkY differ

--- -lRagd ---
Binary files /tmp/tmp.9BOJX6QEQW and /tmp/tmp.Qx8YMVzSoW differ

--- -rgd ---
Binary files /tmp/tmp.lAGWjgzSeq and /tmp/tmp.iV9JdVbmZR differ

--- -lrgd ---
Binary files /tmp/tmp.qLCtCo1pqg and /tmp/tmp.NbNcCCfBAp differ

--- -Rrgd ---
Binary files /tmp/tmp.nX5bDtGqBP and /tmp/tmp.LoJdzHiEB9 differ

--- -lRrgd ---
Binary files /tmp/tmp.8vrkKI8mAK and /tmp/tmp.w7OoC1T2vN differ

--- -argd ---
Binary files /tmp/tmp.4IZsmF6c4M and /tmp/tmp.sQe5Y9rIyS differ

--- -largd ---
Binary files /tmp/tmp.WW98AD4dN6 and /tmp/tmp.1dZ9bSlh9o differ

--- -Rargd ---
Binary files /tmp/tmp.0YuR5nZ4tL and /tmp/tmp.AnPGGDuKlN differ

--- -lRargd ---
Binary files /tmp/tmp.R8eAIcd4Ok and /tmp/tmp.SY0o2JeeTe differ

--- -fgd ---
Binary files /tmp/tmp.6ewnR1f9fC and /tmp/tmp.52FUFjvaKu differ

--- -lfgd ---
Binary files /tmp/tmp.zi3Za6zCwJ and /tmp/tmp.XrtzdzirjD differ

--- -Rfgd ---
Binary files /tmp/tmp.9zssOna5PB and /tmp/tmp.qjCkaB0lg6 differ

--- -lRfgd ---
Binary files /tmp/tmp.ZwgBjHxOxi and /tmp/tmp.x0OrQV9pCj differ

--- -afgd ---
Binary files /tmp/tmp.WPmDNmUCrl and /tmp/tmp.0Q1nYVVBgE differ

--- -lafgd ---
Binary files /tmp/tmp.SYvIPcqb6Z and /tmp/tmp.oWHn2iwaTj differ

--- -Rafgd ---
Binary files /tmp/tmp.maOIoYQucG and /tmp/tmp.TD5xUmJRa2 differ

--- -lRafgd ---
Binary files /tmp/tmp.aOHrL8yT2k and /tmp/tmp.wJIWcvGyfc differ

--- -rfgd ---
Binary files /tmp/tmp.cqi14e8puN and /tmp/tmp.jIUfQsi0ml differ

--- -lrfgd ---
Binary files /tmp/tmp.EJgmXLH2rM and /tmp/tmp.ckdtYtk4m0 differ

--- -Rrfgd ---
Binary files /tmp/tmp.pVFu98zLyW and /tmp/tmp.nkJkNpZEqk differ

--- -lRrfgd ---
Binary files /tmp/tmp.mr963rAB1V and /tmp/tmp.rg3LjvA6lo differ

--- -arfgd ---
Binary files /tmp/tmp.MWUrCFBQUs and /tmp/tmp.XIrmuV3xdP differ

--- -larfgd ---
Binary files /tmp/tmp.feqPfXqo9Z and /tmp/tmp.7v000Bq082 differ

--- -Rarfgd ---
Binary files /tmp/tmp.s6L28iokRE and /tmp/tmp.bvsUrCLrxC differ

--- -lRarfgd ---
Binary files /tmp/tmp.BqcWUop1DN and /tmp/tmp.gWJ6yIcg00 differ

