✅ <no-flags>
✅ -l
✅ -R
✅ -lR
✅ -a
✅ -la
✅ -Ra
✅ -lRa
✅ -r
✅ -lr
✅ -Rr
✅ -lRr
✅ -ar
✅ -lar
✅ -Rar
✅ -lRar
✅ -u
✅ -lu
❌ -Ru
✅ -lRu
❌ -au
✅ -lau
❌ -Rau
✅ -lRau
✅ -ru
✅ -lru
❌ -Rru
✅ -lRru
❌ -aru
✅ -laru
❌ -Raru
✅ -lRaru
✅ -f
✅ -lf
✅ -Rf
✅ -lRf
✅ -af
✅ -laf
✅ -Raf
✅ -lRaf
✅ -rf
✅ -lrf
✅ -Rrf
✅ -lRrf
✅ -arf
✅ -larf
✅ -Rarf
✅ -lRarf
❌ -uf
❌ -luf
❌ -Ruf
❌ -lRuf
❌ -auf
❌ -lauf
❌ -Rauf
❌ -lRauf
❌ -ruf
❌ -lruf
❌ -Rruf
❌ -lRruf
❌ -aruf
❌ -laruf
❌ -Raruf
❌ -lRaruf
❌ -g
✅ -lg
❌ -Rg
✅ -lRg
❌ -ag
✅ -lag
❌ -Rag
✅ -lRag
❌ -rg
✅ -lrg
❌ -Rrg
✅ -lRrg
❌ -arg
✅ -larg
❌ -Rarg
✅ -lRarg
❌ -ug
✅ -lug
❌ -Rug
✅ -lRug
❌ -aug
✅ -laug
❌ -Raug
✅ -lRaug
❌ -rug
✅ -lrug
❌ -Rrug
✅ -lRrug
❌ -arug
✅ -larug
❌ -Rarug
✅ -lRarug
❌ -fg
❌ -lfg
❌ -Rfg
❌ -lRfg
❌ -afg
❌ -lafg
❌ -Rafg
❌ -lRafg
❌ -rfg
❌ -lrfg
❌ -Rrfg
❌ -lRrfg
❌ -arfg
❌ -larfg
❌ -Rarfg
❌ -lRarfg
❌ -ufg
❌ -lufg
❌ -Rufg
❌ -lRufg
❌ -aufg
❌ -laufg
❌ -Raufg
❌ -lRaufg
❌ -rufg
❌ -lrufg
❌ -Rrufg
❌ -lRrufg
❌ -arufg
❌ -larufg
❌ -Rarufg
❌ -lRarufg
✅ -d
✅ -ld
✅ -Rd
✅ -lRd
✅ -ad
✅ -lad
✅ -Rad
✅ -lRad
✅ -rd
✅ -lrd
✅ -Rrd
✅ -lRrd
✅ -ard
✅ -lard
✅ -Rard
✅ -lRard
✅ -ud
✅ -lud
✅ -Rud
✅ -lRud
✅ -aud
✅ -laud
✅ -Raud
✅ -lRaud
✅ -rud
✅ -lrud
✅ -Rrud
✅ -lRrud
✅ -arud
✅ -larud
✅ -Rarud
✅ -lRarud
✅ -fd
✅ -lfd
✅ -Rfd
✅ -lRfd
✅ -afd
✅ -lafd
✅ -Rafd
✅ -lRafd
✅ -rfd
✅ -lrfd
✅ -Rrfd
✅ -lRrfd
✅ -arfd
✅ -larfd
✅ -Rarfd
✅ -lRarfd
✅ -ufd
✅ -lufd
✅ -Rufd
✅ -lRufd
✅ -aufd
✅ -laufd
✅ -Raufd
✅ -lRaufd
✅ -rufd
✅ -lrufd
✅ -Rrufd
✅ -lRrufd
✅ -arufd
✅ -larufd
✅ -Rarufd
✅ -lRarufd
✅ -gd
✅ -lgd
✅ -Rgd
✅ -lRgd
✅ -agd
✅ -lagd
✅ -Ragd
✅ -lRagd
✅ -rgd
✅ -lrgd
✅ -Rrgd
✅ -lRrgd
✅ -argd
✅ -largd
✅ -Rargd
✅ -lRargd
✅ -ugd
✅ -lugd
✅ -Rugd
✅ -lRugd
✅ -augd
✅ -laugd
✅ -Raugd
✅ -lRaugd
✅ -rugd
✅ -lrugd
✅ -Rrugd
✅ -lRrugd
✅ -arugd
✅ -larugd
✅ -Rarugd
✅ -lRarugd
✅ -fgd
✅ -lfgd
✅ -Rfgd
✅ -lRfgd
✅ -afgd
✅ -lafgd
✅ -Rafgd
✅ -lRafgd
✅ -rfgd
✅ -lrfgd
✅ -Rrfgd
✅ -lRrfgd
✅ -arfgd
✅ -larfgd
✅ -Rarfgd
✅ -lRarfgd
✅ -ufgd
✅ -lufgd
✅ -Rufgd
✅ -lRufgd
✅ -aufgd
✅ -laufgd
✅ -Raufgd
✅ -lRaufgd
✅ -rufgd
✅ -lrufgd
✅ -Rrufgd
✅ -lRrufgd
✅ -arufgd
✅ -larufgd
✅ -Rarufgd
✅ -lRarufgd
